fit texels 472059 M [[-0.18000000715255737, -0.3100000023841858, -0.30000001192092896], [0.3799999952316284, -0.07999999821186066, -0.9100000262260437], [-0.18000000715255737, 0.41999998688697815, 1.2599999904632568], [77.87000274658203, 65.41000366210938, 65.33000183105469]]
D ready -> S:\AI\Game\Unity AHCG\My project\Assets\Resources\AdamsHaven\TowerModels\barn
packaged D
fit texels 485097 M [[-0.3499999940395355, -0.8399999737739563, -1.5299999713897705], [0.20999999344348907, 0.8100000023841858, 1.7000000476837158], [0.1599999964237213, 0.18000000715255737, 0.10999999940395355], [76.88999938964844, 59.810001373291016, 56.90999984741211]]
C ready -> S:\AI\Game\Unity AHCG\My project\Assets\Resources\AdamsHaven\TowerModels\barn
packaged C
fit texels 499389 M [[-0.05000000074505806, -0.5400000214576721, -1.100000023841858], [-0.23000000417232513, 0.36000001430511475, 0.9900000095367432], [0.27000001072883606, 0.23000000417232513, 0.2199999988079071], [81.19000244140625, 64.63999938964844, 62.86000061035156]]
B ready -> S:\AI\Game\Unity AHCG\My project\Assets\Resources\AdamsHaven\TowerModels\barn
packaged B
fit texels 592179 M [[0.03999999910593033, -0.4699999988079071, -1.0399999618530273], [-0.1899999976158142, 0.49000000953674316, 1.2799999713897705], [-0.09000000357627869, -0.20000000298023224, -0.36000001430511475], [110.91999816894531, 87.63999938964844, 82.66999816894531]]
A ready -> S:\AI\Game\Unity AHCG\My project\Assets\Resources\AdamsHaven\TowerModels\barn
packaged A
fit texels 640705 M [[0.550000011920929, 0.10999999940395355, -0.5199999809265137], [-1.2000000476837158, -0.699999988079071, -0.05000000074505806], [0.8700000047683716, 0.8199999928474426, 0.8299999833106995], [73.29000091552734, 62.25, 64.44999694824219]]
S ready -> S:\AI\Game\Unity AHCG\My project\Assets\Resources\AdamsHaven\TowerModels\barn
packaged S
fit texels 588781 M [[0.18000000715255737, 0.03999999910593033, -0.17000000178813934], [-0.17000000178813934, -0.14000000059604645, -0.18000000715255737], [0.05000000074505806, 0.12999999523162842, 0.3799999952316284], [88.7300033569336, 73.56999969482422, 78.58999633789062]]
SS ready -> S:\AI\Game\Unity AHCG\My project\Assets\Resources\AdamsHaven\TowerModels\barn
packaged SS
fit texels 582020 M [[-0.12999999523162842, -0.46000000834465027, -0.9599999785423279], [0.5, 0.7599999904632568, 0.9900000095367432], [-0.36000001430511475, -0.2800000011920929, 0.05000000074505806], [91.55999755859375, 75.69000244140625, 82.22000122070312]]
SSR ready -> S:\AI\Game\Unity AHCG\My project\Assets\Resources\AdamsHaven\TowerModels\barn
packaged SSR
all tiers packaged
